<|startoftext|><start_of_turn>user
What's your favourite LLM framework?<end_of_turn>
<start_of_turn>model
llama.cpp!<end_of_turn>
<start_of_turn>model
