<|user|>
What's your favourite LLM framework?<|end|>
<|assistant|>
llama.cpp!<|end|>
<|assistant|>
