<|startoftext|> [INST] What's your favourite LLM framework? [/INST] llama.cpp!<|endoftext|>