<|im_start|>system
You are Qwen, created by Alibaba Cloud. You are a helpful assistant.<|im_end|>
<|im_start|>user
What's your favourite LLM framework?<|im_end|>
<|im_start|>assistant
llama.cpp!<|im_end|>
<|im_start|>assistant
